// Jest Snapshot v1, https://goo.gl/fbAQLP

exports[`test TodoCase should test component 1`] = `
ReactWrapper {
  "length": 1,
  Symbol(enzyme.__unrendered__): <TodoCase
    todo="isBold"
/>,
  Symbol(enzyme.__renderer__): Object {
    "batchedUpdates": [Function],
    "getNode": [Function],
    "render": [Function],
    "simulateEvent": [Function],
    "unmount": [Function],
  },
  Symbol(enzyme.__root__): [Circular],
  Symbol(enzyme.__node__): Object {
    "instance": null,
    "key": undefined,
    "nodeType": "function",
    "props": Object {
      "todo": "isBold",
    },
    "ref": null,
    "rendered": Object {
      "instance": <span />,
      "key": undefined,
      "nodeType": "host",
      "props": Object {
        "children": undefined,
      },
      "ref": null,
      "rendered": Array [
        undefined,
      ],
      "type": "span",
    },
    "type": [Function],
  },
  Symbol(enzyme.__nodes__): Array [
    Object {
      "instance": null,
      "key": undefined,
      "nodeType": "function",
      "props": Object {
        "todo": "isBold",
      },
      "ref": null,
      "rendered": Object {
        "instance": <span />,
        "key": undefined,
        "nodeType": "host",
        "props": Object {
          "children": undefined,
        },
        "ref": null,
        "rendered": Array [
          undefined,
        ],
        "type": "span",
      },
      "type": [Function],
    },
  ],
  Symbol(enzyme.__options__): Object {
    "adapter": ReactSixteenAdapter {
      "options": Object {
        "enableComponentDidUpdateOnSetState": true,
      },
    },
  },
}
`;
